p=0.40_0.35_0.25: per cube (0..14, corner cubes 0,5,10) share of pixels at obj1/obj2/obj3 value, 'm' = share at the middle map
    c00:1.00/0.00/0.00 m0.00  c01:1.00/0.00/0.00 m0.00  c02:0.96/0.01/0.03 m0.03  c03:0.26/0.22/0.52 m0.52  c04:0.00/0.29/0.71 m0.71
    c05:0.77/0.23/0.00 m0.77  c06:0.76/0.24/0.00 m0.76  c07:0.90/0.10/0.00 m0.90  c08:1.00/0.00/0.00 m1.00  c09:1.00/0.00/0.00 m1.00
    c10:0.00/1.00/0.00 m1.00  c11:0.46/0.54/0.00 m0.54  c12:1.00/0.00/0.00 m0.00  c13:1.00/0.00/0.00 m0.00  c14:1.00/0.00/0.00 m0.00
    per-cube profile: [ 1.84  1.57  1.23 -0.25 -0.95  0.81  0.56  0.1  -0.3  -0.57  0.5  -0.39
 -1.37 -1.64 -1.91]
    per-cube steps  : [-0.27 -0.34 -1.48 -0.7   1.76 -0.25 -0.46 -0.41 -0.27  1.07 -0.89 -0.98
 -0.27 -0.27  3.74]
p=0.36_0.33_0.31: per cube (0..14, corner cubes 0,5,10) share of pixels at obj1/obj2/obj3 value, 'm' = share at the middle map
    c00:1.00/0.00/0.00 m0.00  c01:1.00/0.00/0.00 m0.00  c02:0.77/0.09/0.14 m0.14  c03:0.05/0.42/0.53 m0.53  c04:0.00/0.33/0.67 m0.67
    c05:0.60/0.40/0.00 m0.60  c06:0.67/0.33/0.00 m0.67  c07:0.88/0.12/0.00 m0.88  c08:1.00/0.00/0.00 m1.00  c09:1.00/0.00/0.00 m1.00
    c10:0.00/1.00/0.00 m1.00  c11:0.16/0.84/0.00 m0.84  c12:0.91/0.09/0.00 m0.09  c13:1.00/0.00/0.00 m0.00  c14:1.00/0.00/0.00 m0.00
    per-cube profile: [ 1.84  1.57  0.87 -0.79 -1.01  1.04  0.67  0.13 -0.3  -0.57  0.5   0.02
 -1.25 -1.64 -1.91]
    per-cube steps  : [-0.27 -0.7  -1.66 -0.23  2.05 -0.37 -0.54 -0.43 -0.27  1.07 -0.48 -1.26
 -0.39 -0.27  3.74]
p=0.45_0.45_0.10: per cube (0..14, corner cubes 0,5,10) share of pixels at obj1/obj2/obj3 value, 'm' = share at the middle map
    c00:1.00/0.00/0.00 m0.00  c01:0.99/0.01/0.00 m0.00  c02:0.39/0.61/0.00 m0.00  c03:0.00/1.00/0.00 m0.00  c04:0.00/1.00/0.00 m0.00
    c05:0.00/1.00/0.00 m0.00  c06:0.01/0.99/0.00 m0.01  c07:0.61/0.39/0.00 m0.61  c08:1.00/0.00/0.00 m1.00  c09:1.00/0.00/0.00 m1.00
    c10:0.00/1.00/0.00 m1.00  c11:0.01/0.99/0.00 m0.99  c12:0.63/0.37/0.00 m0.37  c13:1.00/0.00/0.00 m0.00  c14:1.00/0.00/0.00 m0.00
    per-cube profile: [ 1.84  1.55 -0.32 -1.64 -1.9   1.84  1.56  0.48 -0.3  -0.57  0.5   0.22
 -0.87 -1.64 -1.91]
    per-cube steps  : [-0.28 -1.87 -1.32 -0.27  3.74 -0.28 -1.08 -0.79 -0.27  1.07 -0.28 -1.09
 -0.77 -0.27  3.74]
p=0.33_0.33_0.33: per cube (0..14, corner cubes 0,5,10) share of pixels at obj1/obj2/obj3 value, 'm' = share at the middle map
    c00:0.52/0.00/0.48 m0.48  c01:0.48/0.00/0.52 m0.52  c02:0.24/0.35/0.41 m0.41  c03:0.00/0.47/0.53 m0.53  c04:0.00/0.51/0.49 m0.49
    c05:0.50/0.50/0.00 m0.50  c06:0.43/0.57/0.00 m0.43  c07:0.57/0.19/0.24 m0.57  c08:0.48/0.00/0.52 m0.48  c09:0.37/0.00/0.63 m0.37
    c10:0.00/0.53/0.47 m0.53  c11:0.00/0.53/0.46 m0.53  c12:0.29/0.54/0.17 m0.54  c13:0.47/0.53/0.00 m0.53  c14:0.49/0.51/0.00 m0.51
    per-cube profile: [ 1.2   0.87 -0.18 -0.92 -1.24  1.17  0.98 -0.11 -1.   -1.41  1.13  0.85
 -0.2  -0.93 -1.23]
    per-cube steps  : [-0.33 -1.06 -0.74 -0.32  2.41 -0.18 -1.09 -0.89 -0.41  2.54 -0.29 -1.05
 -0.73 -0.3   2.43]
