SD scaled-linear: abar_999 = 0.00466, sqrt = 0.06826, SNR_T = 0.00468, abar_0 = 0.99915

== Marigold latent, wall: pairwise kappa = sqrt(abar_T)|z_j - z_k| / (1 - abar_T) = [3.806 3.717 3.452], |z_k| = [167.3 167.1 167.3]
  p=[0.6 0.3 0.1] start=noise | mean 1-step weights=[0.455 0.354 0.191] (sd [0.382 0.361 0.283]) | P(final = argmax 1-step)=0.967 | S= 1: q=[0.469 0.356 0.175] valid=0.11 | S= 4: q=[0.457 0.357 0.186] valid=1.00 | S=10: q=[0.449 0.356 0.195] valid=1.00 | S=50: q=[0.445 0.357 0.198] valid=1.00
  p=[0.6 0.3 0.1] start=pT    | mean 1-step weights=[0.598 0.303 0.099] (sd [0.463 0.43  0.267]) | P(final = argmax 1-step)=0.994 | S= 1: q=[0.602 0.304 0.095] valid=0.65 | S= 4: q=[0.6   0.304 0.097] valid=1.00 | S=10: q=[0.598 0.304 0.098] valid=1.00 | S=50: q=[0.597 0.304 0.099] valid=1.00
  p=[0.4  0.35 0.25] start=noise | mean 1-step weights=[0.366 0.355 0.279] (sd [0.367 0.359 0.33 ]) | P(final = argmax 1-step)=0.988 | S= 1: q=[0.369 0.36  0.271] valid=0.09 | S= 4: q=[0.363 0.36  0.278] valid=1.00 | S=10: q=[0.361 0.359 0.28 ] valid=1.00 | S=50: q=[0.361 0.358 0.281] valid=1.00
  p=[0.4  0.35 0.25] start=pT    | mean 1-step weights=[0.393 0.354 0.253] (sd [0.459 0.444 0.399]) | P(final = argmax 1-step)=0.998 | S= 1: q=[0.394 0.355 0.251] valid=0.56 | S= 4: q=[0.393 0.355 0.252] valid=1.00 | S=10: q=[0.392 0.355 0.253] valid=1.00 | S=50: q=[0.392 0.354 0.253] valid=1.00
  p=[0.333 0.333 0.333] start=noise | mean 1-step weights=[0.338 0.345 0.317] (sd [0.359 0.356 0.345]) | P(final = argmax 1-step)=0.998 | S= 1: q=[0.336 0.348 0.316] valid=0.09 | S= 4: q=[0.333 0.348 0.318] valid=1.00 | S=10: q=[0.334 0.348 0.318] valid=1.00 | S=50: q=[0.334 0.348 0.317] valid=1.00
  p=[0.333 0.333 0.333] start=pT    | mean 1-step weights=[0.326 0.338 0.336] (sd [0.44  0.438 0.436]) | P(final = argmax 1-step)=1.000 | S= 1: q=[0.326 0.338 0.337] valid=0.55 | S= 4: q=[0.325 0.338 0.337] valid=1.00 | S=10: q=[0.325 0.338 0.337] valid=1.00 | S=50: q=[0.325 0.338 0.337] valid=1.00

== Marigold latent, tight: pairwise kappa = sqrt(abar_T)|z_j - z_k| / (1 - abar_T) = [5.521 5.345 4.532], |z_k| = [167.3 166.1 166.5]
  p=[0.6 0.3 0.1] start=noise | mean 1-step weights=[0.388 0.388 0.224] (sd [0.408 0.4   0.331]) | P(final = argmax 1-step)=0.983 | S= 1: q=[0.392 0.393 0.216] valid=0.23 | S= 4: q=[0.385 0.393 0.223] valid=1.00 | S=10: q=[0.382 0.392 0.226] valid=1.00 | S=50: q=[0.38  0.391 0.229] valid=1.00
  p=[0.6 0.3 0.1] start=pT    | mean 1-step weights=[0.597 0.304 0.099] (sd [0.487 0.455 0.292]) | P(final = argmax 1-step)=1.000 | S= 1: q=[0.598 0.304 0.098] valid=0.93 | S= 4: q=[0.597 0.304 0.098] valid=1.00 | S=10: q=[0.597 0.304 0.098] valid=1.00 | S=50: q=[0.597 0.304 0.098] valid=1.00
  p=[0.4  0.35 0.25] start=noise | mean 1-step weights=[0.326 0.38  0.294] (sd [0.391 0.397 0.366]) | P(final = argmax 1-step)=0.992 | S= 1: q=[0.327 0.383 0.29 ] valid=0.22 | S= 4: q=[0.322 0.383 0.295] valid=1.00 | S=10: q=[0.322 0.382 0.296] valid=1.00 | S=50: q=[0.322 0.382 0.296] valid=1.00
  p=[0.4  0.35 0.25] start=pT    | mean 1-step weights=[0.392 0.355 0.253] (sd [0.485 0.471 0.427]) | P(final = argmax 1-step)=1.000 | S= 1: q=[0.392 0.355 0.253] valid=0.90 | S= 4: q=[0.392 0.355 0.253] valid=1.00 | S=10: q=[0.392 0.355 0.253] valid=1.00 | S=50: q=[0.392 0.355 0.253] valid=1.00
  p=[0.333 0.333 0.333] start=noise | mean 1-step weights=[0.307 0.37  0.323] (sd [0.384 0.394 0.377]) | P(final = argmax 1-step)=0.997 | S= 1: q=[0.307 0.372 0.321] valid=0.21 | S= 4: q=[0.303 0.373 0.324] valid=1.00 | S=10: q=[0.304 0.373 0.324] valid=1.00 | S=50: q=[0.304 0.373 0.323] valid=1.00
  p=[0.333 0.333 0.333] start=pT    | mean 1-step weights=[0.325 0.338 0.337] (sd [0.465 0.465 0.464]) | P(final = argmax 1-step)=1.000 | S= 1: q=[0.325 0.337 0.337] valid=0.90 | S= 4: q=[0.325 0.337 0.337] valid=1.00 | S=10: q=[0.325 0.337 0.337] valid=1.00 | S=50: q=[0.325 0.337 0.337] valid=1.00

== ideal |dz|=1: pairwise kappa = sqrt(abar_T)|z_j - z_k| / (1 - abar_T) = [0.069 0.069 0.069], |z_k| = [100. 100. 100.]
  p=[0.6 0.3 0.1] start=noise | mean 1-step weights=[0.6 0.3 0.1] (sd [0.015 0.013 0.005]) | P(final = argmax 1-step)=0.598 | S= 1: q=[1. 0. 0.] valid=0.00 | S= 4: q=[0.705 0.258 0.037] valid=0.00 | S=10: q=[0.62  0.293 0.086] valid=0.29 | S=50: q=[0.598 0.3   0.102] valid=0.98
  p=[0.6 0.3 0.1] start=pT    | mean 1-step weights=[0.6 0.3 0.1] (sd [0.015 0.014 0.005]) | P(final = argmax 1-step)=0.604 | S= 1: q=[1. 0. 0.] valid=0.00 | S= 4: q=[0.715 0.251 0.034] valid=0.00 | S=10: q=[0.628 0.292 0.079] valid=0.30 | S=50: q=[0.604 0.302 0.094] valid=0.98
  p=[0.4  0.35 0.25] start=noise | mean 1-step weights=[0.4  0.35 0.25] (sd [0.014 0.014 0.011]) | P(final = argmax 1-step)=0.418 | S= 1: q=[0.976 0.024 0.   ] valid=0.00 | S= 4: q=[0.432 0.358 0.21 ] valid=0.00 | S=10: q=[0.403 0.353 0.244] valid=0.21 | S=50: q=[0.396 0.352 0.253] valid=0.98
  p=[0.4  0.35 0.25] start=pT    | mean 1-step weights=[0.4  0.35 0.25] (sd [0.014 0.014 0.011]) | P(final = argmax 1-step)=0.425 | S= 1: q=[0.973 0.027 0.   ] valid=0.00 | S= 4: q=[0.436 0.36  0.204] valid=0.00 | S=10: q=[0.407 0.356 0.238] valid=0.21 | S=50: q=[0.4   0.353 0.247] valid=0.98
  p=[0.333 0.333 0.333] start=noise | mean 1-step weights=[0.333 0.333 0.333] (sd [0.013 0.013 0.013]) | P(final = argmax 1-step)=1.000 | S= 1: q=[0.329 0.336 0.335] valid=0.00 | S= 4: q=[0.329 0.336 0.335] valid=0.00 | S=10: q=[0.329 0.336 0.335] valid=0.21 | S=50: q=[0.329 0.336 0.335] valid=0.98
  p=[0.333 0.333 0.333] start=pT    | mean 1-step weights=[0.333 0.333 0.333] (sd [0.013 0.013 0.013]) | P(final = argmax 1-step)=1.000 | S= 1: q=[0.332 0.336 0.332] valid=0.00 | S= 4: q=[0.332 0.336 0.332] valid=0.00 | S=10: q=[0.332 0.336 0.332] valid=0.20 | S=50: q=[0.332 0.336 0.332] valid=0.98

== ideal |dz|=5: pairwise kappa = sqrt(abar_T)|z_j - z_k| / (1 - abar_T) = [0.343 0.343 0.343], |z_k| = [100.1 100.1 100.1]
  p=[0.6 0.3 0.1] start=noise | mean 1-step weights=[0.595 0.303 0.102] (sd [0.072 0.066 0.028]) | P(final = argmax 1-step)=0.599 | S= 1: q=[0.98 0.02 0.  ] valid=0.00 | S= 4: q=[0.607 0.296 0.097] valid=0.90 | S=10: q=[0.588 0.305 0.107] valid=1.00 | S=50: q=[0.579 0.309 0.112] valid=1.00
  p=[0.6 0.3 0.1] start=pT    | mean 1-step weights=[0.6 0.3 0.1] (sd [0.073 0.067 0.027]) | P(final = argmax 1-step)=0.624 | S= 1: q=[0.98 0.02 0.  ] valid=0.00 | S= 4: q=[0.633 0.288 0.079] valid=0.90 | S=10: q=[0.613 0.297 0.09 ] valid=1.00 | S=50: q=[0.604 0.301 0.095] valid=1.00
  p=[0.4  0.35 0.25] start=noise | mean 1-step weights=[0.399 0.35  0.251] (sd [0.07  0.067 0.056]) | P(final = argmax 1-step)=0.703 | S= 1: q=[0.628 0.332 0.04 ] valid=0.00 | S= 4: q=[0.398 0.353 0.249] valid=0.88 | S=10: q=[0.393 0.352 0.256] valid=1.00 | S=50: q=[0.391 0.351 0.258] valid=1.00
  p=[0.4  0.35 0.25] start=pT    | mean 1-step weights=[0.4  0.35 0.25] (sd [0.071 0.068 0.055]) | P(final = argmax 1-step)=0.711 | S= 1: q=[0.63  0.332 0.038] valid=0.00 | S= 4: q=[0.407 0.356 0.238] valid=0.88 | S=10: q=[0.4   0.355 0.245] valid=1.00 | S=50: q=[0.398 0.354 0.247] valid=1.00
  p=[0.333 0.333 0.333] start=noise | mean 1-step weights=[0.333 0.333 0.333] (sd [0.065 0.065 0.065]) | P(final = argmax 1-step)=1.000 | S= 1: q=[0.329 0.336 0.335] valid=0.00 | S= 4: q=[0.329 0.336 0.335] valid=0.88 | S=10: q=[0.329 0.336 0.335] valid=1.00 | S=50: q=[0.329 0.336 0.335] valid=1.00
  p=[0.333 0.333 0.333] start=pT    | mean 1-step weights=[0.333 0.333 0.333] (sd [0.065 0.066 0.065]) | P(final = argmax 1-step)=1.000 | S= 1: q=[0.332 0.338 0.329] valid=0.00 | S= 4: q=[0.332 0.338 0.329] valid=0.88 | S=10: q=[0.332 0.338 0.329] valid=1.00 | S=50: q=[0.332 0.338 0.329] valid=1.00

== ideal |dz|=15: pairwise kappa = sqrt(abar_T)|z_j - z_k| / (1 - abar_T) = [1.029 1.029 1.029], |z_k| = [100.6 100.6 100.6]
  p=[0.6 0.3 0.1] start=noise | mean 1-step weights=[0.565 0.316 0.118] (sd [0.193 0.178 0.095]) | P(final = argmax 1-step)=0.780 | S= 1: q=[0.736 0.243 0.021] valid=0.00 | S= 4: q=[0.575 0.311 0.114] valid=1.00 | S=10: q=[0.548 0.32  0.132] valid=1.00 | S=50: q=[0.538 0.324 0.138] valid=1.00
  p=[0.6 0.3 0.1] start=pT    | mean 1-step weights=[0.6   0.301 0.099] (sd [0.206 0.19  0.088]) | P(final = argmax 1-step)=0.826 | S= 1: q=[0.763 0.222 0.015] valid=0.00 | S= 4: q=[0.633 0.288 0.079] valid=1.00 | S=10: q=[0.611 0.298 0.091] valid=1.00 | S=50: q=[0.603 0.301 0.096] valid=1.00
  p=[0.4  0.35 0.25] start=noise | mean 1-step weights=[0.39  0.349 0.261] (sd [0.185 0.18  0.157]) | P(final = argmax 1-step)=0.908 | S= 1: q=[0.444 0.361 0.195] valid=0.00 | S= 4: q=[0.389 0.352 0.26 ] valid=1.00 | S=10: q=[0.381 0.351 0.268] valid=1.00 | S=50: q=[0.379 0.35  0.271] valid=1.00
  p=[0.4  0.35 0.25] start=pT    | mean 1-step weights=[0.399 0.351 0.25 ] (sd [0.201 0.193 0.163]) | P(final = argmax 1-step)=0.921 | S= 1: q=[0.454 0.363 0.183] valid=0.00 | S= 4: q=[0.407 0.357 0.237] valid=1.00 | S=10: q=[0.401 0.355 0.244] valid=1.00 | S=50: q=[0.399 0.354 0.247] valid=1.00
  p=[0.333 0.333 0.333] start=noise | mean 1-step weights=[0.333 0.333 0.334] (sd [0.175 0.176 0.177]) | P(final = argmax 1-step)=1.000 | S= 1: q=[0.329 0.336 0.335] valid=0.00 | S= 4: q=[0.329 0.336 0.335] valid=1.00 | S=10: q=[0.329 0.336 0.335] valid=1.00 | S=50: q=[0.329 0.336 0.335] valid=1.00
  p=[0.333 0.333 0.333] start=pT    | mean 1-step weights=[0.332 0.335 0.333] (sd [0.188 0.189 0.188]) | P(final = argmax 1-step)=1.000 | S= 1: q=[0.331 0.339 0.33 ] valid=0.00 | S= 4: q=[0.331 0.339 0.33 ] valid=1.00 | S=10: q=[0.331 0.339 0.33 ] valid=1.00 | S=50: q=[0.331 0.339 0.33 ] valid=1.00

== ideal |dz|=40: pairwise kappa = sqrt(abar_T)|z_j - z_k| / (1 - abar_T) = [2.743 2.743 2.743], |z_k| = [103.9 103.9 103.9]
  p=[0.6 0.3 0.1] start=noise | mean 1-step weights=[0.482 0.337 0.181] (sd [0.343 0.322 0.248]) | P(final = argmax 1-step)=0.943 | S= 1: q=[0.512 0.333 0.155] valid=0.04 | S= 4: q=[0.487 0.338 0.175] valid=1.00 | S=10: q=[0.472 0.34  0.188] valid=1.00 | S=50: q=[0.466 0.34  0.194] valid=1.00
  p=[0.6 0.3 0.1] start=pT    | mean 1-step weights=[0.598 0.303 0.099] (sd [0.412 0.385 0.229]) | P(final = argmax 1-step)=0.981 | S= 1: q=[0.615 0.298 0.086] valid=0.27 | S= 4: q=[0.608 0.3   0.092] valid=1.00 | S=10: q=[0.602 0.301 0.097] valid=1.00 | S=50: q=[0.6   0.301 0.099] valid=1.00
  p=[0.4  0.35 0.25] start=noise | mean 1-step weights=[0.368 0.344 0.288] (sd [0.327 0.323 0.304]) | P(final = argmax 1-step)=0.982 | S= 1: q=[0.371 0.35  0.279] valid=0.02 | S= 4: q=[0.365 0.348 0.286] valid=1.00 | S=10: q=[0.361 0.347 0.291] valid=1.00 | S=50: q=[0.36  0.346 0.294] valid=1.00
  p=[0.4  0.35 0.25] start=pT    | mean 1-step weights=[0.395 0.353 0.252] (sd [0.407 0.397 0.355]) | P(final = argmax 1-step)=0.993 | S= 1: q=[0.399 0.353 0.248] valid=0.20 | S= 4: q=[0.397 0.352 0.251] valid=1.00 | S=10: q=[0.396 0.352 0.253] valid=1.00 | S=50: q=[0.395 0.352 0.253] valid=1.00
  p=[0.333 0.333 0.333] start=noise | mean 1-step weights=[0.332 0.334 0.335] (sd [0.318 0.319 0.32 ]) | P(final = argmax 1-step)=1.000 | S= 1: q=[0.327 0.338 0.336] valid=0.02 | S= 4: q=[0.327 0.338 0.336] valid=1.00 | S=10: q=[0.327 0.338 0.336] valid=1.00 | S=50: q=[0.327 0.338 0.336] valid=1.00
  p=[0.333 0.333 0.333] start=pT    | mean 1-step weights=[0.328 0.337 0.335] (sd [0.388 0.392 0.392]) | P(final = argmax 1-step)=1.000 | S= 1: q=[0.327 0.337 0.336] valid=0.19 | S= 4: q=[0.327 0.337 0.336] valid=1.00 | S=10: q=[0.327 0.337 0.336] valid=1.00 | S=50: q=[0.327 0.337 0.336] valid=1.00
leading spacing, Marigold latent, wall, p=[0.6 0.3 0.1], S=1 (timesteps [1]...): q=[0.245 0.57  0.185], valid=1.00
leading spacing, Marigold latent, wall, p=[0.6 0.3 0.1], S=4 (timesteps [751 501 251]...): q=[0.357 0.392 0.251], valid=1.00
leading spacing, Marigold latent, wall, p=[0.6 0.3 0.1], S=50 (timesteps [981 961 941]...): q=[0.434 0.36  0.206], valid=1.00
