N cubes = 15, corners at [ 0  5 10], renderer n = 6, T = (n-1)*sqrt(3) = 8.660254, delta = 1/sqrt3 = 0.577350, N*delta = 8.660254
obj1: max |(d_k - d_1) - (-T*1[cube < c_k])| over fg = 0.00e+00
obj2: max |(d_k - d_1) - (-T*1[cube < c_k])| over fg = 1.78e-15
obj3: max |(d_k - d_1) - (-T*1[cube < c_k])| over fg = 3.55e-15
per-cube steps of obj1: [-0.5765 -0.5765 -0.5765 -0.5776 -0.5766 -0.5795 -0.5795 -0.5765 -0.5766
 -0.5776 -0.5772 -0.5773 -0.5775 -0.5773  8.0828]
E / T =
 [[ 9.99980e-01  8.00000e-05 -4.00000e-05]
 [-2.00000e-05  1.00008e+00 -4.00000e-05]
 [-2.00000e-05  8.00000e-05  9.99960e-01]]
row sums / T: [1.00001 1.00001 1.00001]
200 random mixtures: max|split - p| = 7.79e-05; max|split - p^T E/(p^T E 1)| = 5.55e-16
w = [ 1.3 -0.4  0.5]  split = [ 0.92854 -0.28563  0.3571 ]  w/sum w = [ 0.92857 -0.28571  0.35714]  split(-3*m+7) = [ 0.92854 -0.28563  0.3571 ]
rho identical for all objects: 5.329070518200751e-15
Gram G/M of centred depth (per pixel):
 [[ 6.2345 -2.0941 -2.0897]
 [-2.0941  6.2474 -2.0993]
 [-2.0897 -2.0993  6.2351]]
within-cube variance alpha = 0.0555; cos between objects = [-0.3355 -0.3352 -0.3364]
circulant fit: c = 8.3333, gamma = -2.0943  (sawtooth model: gamma/c = (alpha - beta/3)/(4 beta/3))
median/MAD of raw objects: [ -5.1225  -8.0098 -10.9012] [2.1592 2.1621 2.1593]
bar 0: orderings (low->high obj idx) [((np.int64(1), np.int64(2), np.int64(0)), np.int64(25409))], gaps mean [1.3373 1.3346] std [4.9e-04 3.0e-05]
bar 1: orderings (low->high obj idx) [((np.int64(2), np.int64(0), np.int64(1)), np.int64(25443))], gaps mean [1.3345 1.3354] std [3.0e-05 5.3e-04]
bar 2: orderings (low->high obj idx) [((np.int64(0), np.int64(1), np.int64(2)), np.int64(25345))], gaps mean [1.3372 1.339 ] std [0.00053 0.00049]
middle-of-three map vs equal-weight mean (normalised units): max |diff| = 0.0013, rms = 0.0007, rms of mean = 0.3827
split(middle map) = [0.3338 0.3329 0.3333]  split(mean map) = [0.3335 0.3331 0.3334]
raw-gauge middle map == obj2 ? 0.0  split: [-0.      1.0001 -0.    ]
